---
http_interactions:
- request:
    method: get
    uri: http://localhost:8000/v2/case_summaries/TEST12345
    body:
      encoding: US-ASCII
      string: ''
    headers:
      Authorization:
      - Basic <Basic>
      Accept:
      - application/json
      Content-Type:
      - application/json
      Laa-Transaction-Id:
      - 00b396ae-f811-44e5-99e1-d13dc0e463b5
      Accept-Encoding:
      - gzip;q=1.0,deflate;q=0.6,identity;q=0.3
      User-Agent:
      - Ruby
  response:
    status:
      code: 200
      message: OK
    headers:
      Date:
      - Thu, 10 Apr 2025 13:58:31 GMT
      Server:
      - uvicorn
      Content-Length:
      - '4575'
      Content-Type:
      - application/json; charset=utf-8
      Laa-Transaction-Id:
      - 00b396ae-f811-44e5-99e1-d13dc0e463b5
      Access-Control-Expose-Headers:
      - Laa-Transaction-Id
      Cache-Control:
      - no-store
      Content-Security-Policy:
      - default-src 'self'; base-uri 'self'; img-src 'self' fastapi.tiangolo.com data:;
        style-src 'self' cdn.jsdelivr.net 'unsafe-inline'; script-src 'self' cdn.jsdelivr.net
        'unsafe-inline'
      Strict-Transport-Security:
      - includeSubDomains; preload; max-age=2592000
      Referrer-Policy:
      - no-referrer
      X-Frame-Options:
      - SAMEORIGIN
    body:
      encoding: UTF-8
      string: '{"prosecution_case_reference": "TEST12345", "hearing_summaries": [{"id":
        "0304d126-d773-41fd-af01-83e017cecd80", "hearing_type": "Mention - Defendant
        to Attend (MDA)", "estimated_duration": null, "defendants": [], "jurisdiction_type":
        "CROWN", "court_centre": {"id": "6131bd34-33d9-3d1e-8152-8b5a2084f1bd", "name":
        "Derby Crown Court", "welsh_name": "Llys Y Goron Derby", "room_id": null,
        "room_name": null, "welsh_room_name": null, "welsh_court_name": null, "short_oucode":
        "C30DE", "oucode_l2_code": "30", "code": "C30DE00", "address": {"address_1":
        "Derby Combined Court Centre", "address_2": "Morledge", "address_3": "Derby",
        "address_4": "", "address_5": "", "postcode": "DE1 2XE"}}, "hearing_days":
        [{"sitting_day": "2019-10-23T16:19:15+00:00", "listing_sequence": 1, "listed_duration_minutes":
        120, "has_shared_results": false}], "defence_counsels": []}, {"id": "0304d126-d773-41fd-af01-83e017cecd80",
        "hearing_type": "Pre-Trial Review (PTR)", "estimated_duration": null, "defendants":
        [], "jurisdiction_type": "CROWN", "court_centre": {"id": "6131bd34-33d9-3d1e-8152-8b5a2084f1bd",
        "name": "Derby Crown Court", "welsh_name": "Llys Y Goron Derby", "room_id":
        null, "room_name": null, "welsh_room_name": null, "welsh_court_name": null,
        "short_oucode": "C30DE", "oucode_l2_code": "30", "code": "C30DE00", "address":
        {"address_1": "Derby Combined Court Centre", "address_2": "Morledge", "address_3":
        "Derby", "address_4": "", "address_5": "", "postcode": "DE1 2XE"}}, "hearing_days":
        [{"sitting_day": "2019-10-26T16:19:15+00:00", "listing_sequence": 1, "listed_duration_minutes":
        120, "has_shared_results": false}, {"sitting_day": "2019-10-27T16:19:15+00:00",
        "listing_sequence": 1, "listed_duration_minutes": 120, "has_shared_results":
        true}, {"sitting_day": "2019-10-28T16:19:15+00:00", "listing_sequence": 1,
        "listed_duration_minutes": 120, "has_shared_results": false}], "defence_counsels":
        [{"title": null, "first_name": null, "middle_name": null, "last_name": null,
        "status": null, "attendance_days": null, "defendants": []}, {"title": null,
        "first_name": null, "middle_name": null, "last_name": null, "status": null,
        "attendance_days": null, "defendants": []}, {"title": null, "first_name":
        null, "middle_name": null, "last_name": null, "status": null, "attendance_days":
        null, "defendants": []}]}, {"id": "0304d126-d773-41fd-af01-83e017cecd80",
        "hearing_type": "Application to Break Fixture (BFA)", "estimated_duration":
        null, "defendants": [], "jurisdiction_type": "CROWN", "court_centre": {"id":
        "6131bd34-33d9-3d1e-8152-8b5a2084f1bd", "name": "Derby Crown Court", "welsh_name":
        "Llys Y Goron Derby", "room_id": null, "room_name": null, "welsh_room_name":
        null, "welsh_court_name": null, "short_oucode": "C30DE", "oucode_l2_code":
        "30", "code": "C30DE00", "address": {"address_1": "Derby Combined Court Centre",
        "address_2": "Morledge", "address_3": "Derby", "address_4": "", "address_5":
        "", "postcode": "DE1 2XE"}}, "hearing_days": [{"sitting_day": "2019-10-31T16:19:15+00:00",
        "listing_sequence": 1, "listed_duration_minutes": 120, "has_shared_results":
        true}, {"sitting_day": "2019-11-01T16:19:15+00:00", "listing_sequence": 1,
        "listed_duration_minutes": 120, "has_shared_results": false}, {"sitting_day":
        "2019-11-02T16:19:15+00:00", "listing_sequence": 1, "listed_duration_minutes":
        120, "has_shared_results": false}], "defence_counsels": [{"title": null, "first_name":
        null, "middle_name": null, "last_name": null, "status": null, "attendance_days":
        null, "defendants": []}]}], "overall_defendants": [{"id": "3797ee37-cd75-4250-a3bf-b0bfbca4a3f3",
        "first_name": "Jorge", "middle_name": "Pacocha", "last_name": "McClure", "arrest_summons_number":
        "ZFRTWZ8DE3F9", "date_of_birth": "2004-09-11", "national_insurance_number":
        "BK351556C", "maat_reference": "1234567"}, {"id": "a5084e6c-6c51-43ec-89e1-482f0135f186",
        "first_name": "Shayne", "middle_name": "Cole", "last_name": "Abbott", "arrest_summons_number":
        "ZGWYZ74MKETB", "date_of_birth": "1978-08-13", "national_insurance_number":
        "HY997349A", "maat_reference": "2345678"}, {"id": "35af3c7d-ad6c-49e8-99b5-969aa92262df",
        "first_name": "Shayla", "middle_name": "Cormier", "last_name": "Schneider",
        "arrest_summons_number": "L6QWT20K8OE8", "date_of_birth": "1984-04-15", "national_insurance_number":
        "AM857041A", "maat_reference": "Z10000001"}, {"id": "b8014abe-5655-4120-af97-89016da3ecc4",
        "first_name": "Jammy", "middle_name": "", "last_name": "Dodger", "arrest_summons_number":
        "L2V0P69BY9YK", "date_of_birth": "1987-05-21", "national_insurance_number":
        "JC123456A", "maat_reference": null}]}'
  recorded_at: Thu, 10 Apr 2025 13:58:32 GMT
- request:
    method: get
    uri: http://localhost:8000/v2/case_summaries/TEST12345
    body:
      encoding: US-ASCII
      string: ''
    headers:
      Authorization:
      - Basic <Basic>
      Accept:
      - application/json
      Content-Type:
      - application/json
      Laa-Transaction-Id:
      - 24659803-41a7-4837-9d7f-6af275d4975f
      Accept-Encoding:
      - gzip;q=1.0,deflate;q=0.6,identity;q=0.3
      User-Agent:
      - Ruby
  response:
    status:
      code: 200
      message: OK
    headers:
      Date:
      - Thu, 10 Apr 2025 13:58:32 GMT
      Server:
      - uvicorn
      Content-Length:
      - '4575'
      Content-Type:
      - application/json; charset=utf-8
      Laa-Transaction-Id:
      - 24659803-41a7-4837-9d7f-6af275d4975f
      Access-Control-Expose-Headers:
      - Laa-Transaction-Id
      Cache-Control:
      - no-store
      Content-Security-Policy:
      - default-src 'self'; base-uri 'self'; img-src 'self' fastapi.tiangolo.com data:;
        style-src 'self' cdn.jsdelivr.net 'unsafe-inline'; script-src 'self' cdn.jsdelivr.net
        'unsafe-inline'
      Strict-Transport-Security:
      - includeSubDomains; preload; max-age=2592000
      Referrer-Policy:
      - no-referrer
      X-Frame-Options:
      - SAMEORIGIN
    body:
      encoding: UTF-8
      string: '{"prosecution_case_reference": "TEST12345", "hearing_summaries": [{"id":
        "0304d126-d773-41fd-af01-83e017cecd80", "hearing_type": "Mention - Defendant
        to Attend (MDA)", "estimated_duration": null, "defendants": [], "jurisdiction_type":
        "CROWN", "court_centre": {"id": "6131bd34-33d9-3d1e-8152-8b5a2084f1bd", "name":
        "Derby Crown Court", "welsh_name": "Llys Y Goron Derby", "room_id": null,
        "room_name": null, "welsh_room_name": null, "welsh_court_name": null, "short_oucode":
        "C30DE", "oucode_l2_code": "30", "code": "C30DE00", "address": {"address_1":
        "Derby Combined Court Centre", "address_2": "Morledge", "address_3": "Derby",
        "address_4": "", "address_5": "", "postcode": "DE1 2XE"}}, "hearing_days":
        [{"sitting_day": "2019-10-23T16:19:15+00:00", "listing_sequence": 1, "listed_duration_minutes":
        120, "has_shared_results": false}], "defence_counsels": []}, {"id": "0304d126-d773-41fd-af01-83e017cecd80",
        "hearing_type": "Pre-Trial Review (PTR)", "estimated_duration": null, "defendants":
        [], "jurisdiction_type": "CROWN", "court_centre": {"id": "6131bd34-33d9-3d1e-8152-8b5a2084f1bd",
        "name": "Derby Crown Court", "welsh_name": "Llys Y Goron Derby", "room_id":
        null, "room_name": null, "welsh_room_name": null, "welsh_court_name": null,
        "short_oucode": "C30DE", "oucode_l2_code": "30", "code": "C30DE00", "address":
        {"address_1": "Derby Combined Court Centre", "address_2": "Morledge", "address_3":
        "Derby", "address_4": "", "address_5": "", "postcode": "DE1 2XE"}}, "hearing_days":
        [{"sitting_day": "2019-10-26T16:19:15+00:00", "listing_sequence": 1, "listed_duration_minutes":
        120, "has_shared_results": false}, {"sitting_day": "2019-10-27T16:19:15+00:00",
        "listing_sequence": 1, "listed_duration_minutes": 120, "has_shared_results":
        true}, {"sitting_day": "2019-10-28T16:19:15+00:00", "listing_sequence": 1,
        "listed_duration_minutes": 120, "has_shared_results": false}], "defence_counsels":
        [{"title": null, "first_name": null, "middle_name": null, "last_name": null,
        "status": null, "attendance_days": null, "defendants": []}, {"title": null,
        "first_name": null, "middle_name": null, "last_name": null, "status": null,
        "attendance_days": null, "defendants": []}, {"title": null, "first_name":
        null, "middle_name": null, "last_name": null, "status": null, "attendance_days":
        null, "defendants": []}]}, {"id": "0304d126-d773-41fd-af01-83e017cecd80",
        "hearing_type": "Application to Break Fixture (BFA)", "estimated_duration":
        null, "defendants": [], "jurisdiction_type": "CROWN", "court_centre": {"id":
        "6131bd34-33d9-3d1e-8152-8b5a2084f1bd", "name": "Derby Crown Court", "welsh_name":
        "Llys Y Goron Derby", "room_id": null, "room_name": null, "welsh_room_name":
        null, "welsh_court_name": null, "short_oucode": "C30DE", "oucode_l2_code":
        "30", "code": "C30DE00", "address": {"address_1": "Derby Combined Court Centre",
        "address_2": "Morledge", "address_3": "Derby", "address_4": "", "address_5":
        "", "postcode": "DE1 2XE"}}, "hearing_days": [{"sitting_day": "2019-10-31T16:19:15+00:00",
        "listing_sequence": 1, "listed_duration_minutes": 120, "has_shared_results":
        true}, {"sitting_day": "2019-11-01T16:19:15+00:00", "listing_sequence": 1,
        "listed_duration_minutes": 120, "has_shared_results": false}, {"sitting_day":
        "2019-11-02T16:19:15+00:00", "listing_sequence": 1, "listed_duration_minutes":
        120, "has_shared_results": false}], "defence_counsels": [{"title": null, "first_name":
        null, "middle_name": null, "last_name": null, "status": null, "attendance_days":
        null, "defendants": []}]}], "overall_defendants": [{"id": "3797ee37-cd75-4250-a3bf-b0bfbca4a3f3",
        "first_name": "Jorge", "middle_name": "Pacocha", "last_name": "McClure", "arrest_summons_number":
        "ZFRTWZ8DE3F9", "date_of_birth": "2004-09-11", "national_insurance_number":
        "BK351556C", "maat_reference": "1234567"}, {"id": "a5084e6c-6c51-43ec-89e1-482f0135f186",
        "first_name": "Shayne", "middle_name": "Cole", "last_name": "Abbott", "arrest_summons_number":
        "ZGWYZ74MKETB", "date_of_birth": "1978-08-13", "national_insurance_number":
        "HY997349A", "maat_reference": "2345678"}, {"id": "35af3c7d-ad6c-49e8-99b5-969aa92262df",
        "first_name": "Shayla", "middle_name": "Cormier", "last_name": "Schneider",
        "arrest_summons_number": "L6QWT20K8OE8", "date_of_birth": "1984-04-15", "national_insurance_number":
        "AM857041A", "maat_reference": "Z10000001"}, {"id": "b8014abe-5655-4120-af97-89016da3ecc4",
        "first_name": "Jammy", "middle_name": "", "last_name": "Dodger", "arrest_summons_number":
        "L2V0P69BY9YK", "date_of_birth": "1987-05-21", "national_insurance_number":
        "JC123456A", "maat_reference": null}]}'
  recorded_at: Thu, 10 Apr 2025 13:58:32 GMT
- request:
    method: get
    uri: http://localhost:8000/v2/hearings/0304d126-d773-41fd-af01-83e017cecd80?date=2019-10-23
    body:
      encoding: US-ASCII
      string: ''
    headers:
      Authorization:
      - Basic <Basic>
      Accept:
      - application/json
      Content-Type:
      - application/json
      Laa-Transaction-Id:
      - 24659803-41a7-4837-9d7f-6af275d4975f
      Accept-Encoding:
      - gzip;q=1.0,deflate;q=0.6,identity;q=0.3
      User-Agent:
      - Ruby
  response:
    status:
      code: 200
      message: OK
    headers:
      Date:
      - Thu, 10 Apr 2025 13:58:32 GMT
      Server:
      - uvicorn
      Content-Length:
      - '1167'
      Content-Type:
      - application/json; charset=utf-8
      Laa-Transaction-Id:
      - 24659803-41a7-4837-9d7f-6af275d4975f
      Access-Control-Expose-Headers:
      - Laa-Transaction-Id
      Cache-Control:
      - no-store
      Content-Security-Policy:
      - default-src 'self'; base-uri 'self'; img-src 'self' fastapi.tiangolo.com data:;
        style-src 'self' cdn.jsdelivr.net 'unsafe-inline'; script-src 'self' cdn.jsdelivr.net
        'unsafe-inline'
      Strict-Transport-Security:
      - includeSubDomains; preload; max-age=2592000
      Referrer-Policy:
      - no-referrer
      X-Frame-Options:
      - SAMEORIGIN
    body:
      encoding: UTF-8
      string: '{"hearing": {"id": "4a660116-95ee-41cf-9c19-354674c1b0b3", "jurisdiction_type":
        "CROWN", "court_centre": {"id": "6131bd34-33d9-3d1e-8152-8b5a2084f1bd", "name":
        "Derby Crown Court", "welsh_name": "Llys Y Goron Derby", "room_id": null,
        "room_name": null, "welsh_room_name": null, "welsh_court_centre": null, "short_oucode":
        "C30DE", "oucode_l2_code": "30", "code": "C30DE00", "address": {"address_1":
        "Derby Combined Court Centre", "address_2": "Morledge", "address_3": "Derby",
        "address_4": "", "address_5": "", "postcode": "DE1 2XE"}}, "hearing_language":
        "WELSH", "has_shared_results": false, "court_applications": [], "hearing_type":
        {"id": "bad5d912-2418-4052-83d6-096f251faff2", "description": "Mention - Defendant
        to Attend (MDA)", "welsh_description": null}, "hearing_days": [{"sitting_day":
        "2019-10-23T16:19:15.000Z", "has_shared_results": false}], "judiciary": [],
        "prosecution_counsels": [], "defence_counsels": [], "cracked_ineffective_trial":
        {"id": null, "code": null, "description": null, "type": null, "date": null},
        "prosecution_cases": [], "defendant_judicial_results": [], "defendant_attendance":
        []}, "shared_time": "2025-03-06T12:10:56.016+00:00"}'
  recorded_at: Thu, 10 Apr 2025 13:58:32 GMT
- request:
    method: get
    uri: http://localhost:8000/v2/hearings/0304d126-d773-41fd-af01-83e017cecd80/hearing_events?date=2019-10-23
    body:
      encoding: US-ASCII
      string: ''
    headers:
      Authorization:
      - Basic <Basic>
      Accept:
      - application/json
      Content-Type:
      - application/json
      Laa-Transaction-Id:
      - 24659803-41a7-4837-9d7f-6af275d4975f
      Accept-Encoding:
      - gzip;q=1.0,deflate;q=0.6,identity;q=0.3
      User-Agent:
      - Ruby
  response:
    status:
      code: 200
      message: OK
    headers:
      Date:
      - Thu, 10 Apr 2025 13:58:32 GMT
      Server:
      - uvicorn
      Content-Length:
      - '437'
      Content-Type:
      - application/json; charset=utf-8
      Laa-Transaction-Id:
      - 24659803-41a7-4837-9d7f-6af275d4975f
      Access-Control-Expose-Headers:
      - Laa-Transaction-Id
      Cache-Control:
      - no-store
      Content-Security-Policy:
      - default-src 'self'; base-uri 'self'; img-src 'self' fastapi.tiangolo.com data:;
        style-src 'self' cdn.jsdelivr.net 'unsafe-inline'; script-src 'self' cdn.jsdelivr.net
        'unsafe-inline'
      Strict-Transport-Security:
      - includeSubDomains; preload; max-age=2592000
      Referrer-Policy:
      - no-referrer
      X-Frame-Options:
      - SAMEORIGIN
    body:
      encoding: UTF-8
      string: '{"hearing_id": "0304d126-d773-41fd-af01-83e017cecd80", "has_active_hearing":
        true, "events": [{"id": "4c523134-3e18-407a-94e5-6e9ad5cb507c", "definition_id":
        "641d53b9-8ae9-40ac-be90-c884bcfd47f8", "defence_counsel_id": null, "recorded_label":
        "Est ut cum placeat.", "event_time": "2019-10-23T11:20:46.344000+00:00", "last_modified_time":
        "2025-03-21T11:20:46.344000+00:00", "alterable": false, "note": "Praesentium
        animi hic dolore."}]}'
  recorded_at: Thu, 10 Apr 2025 13:58:32 GMT
- request:
    method: get
    uri: http://localhost:8000/v2/hearings/0304d126-d773-41fd-af01-83e017cecd80?date=2019-10-26
    body:
      encoding: US-ASCII
      string: ''
    headers:
      Authorization:
      - Basic <Basic>
      Accept:
      - application/json
      Content-Type:
      - application/json
      Laa-Transaction-Id:
      - f260c5bb-6378-4d5f-ae79-1212b515bdba
      Accept-Encoding:
      - gzip;q=1.0,deflate;q=0.6,identity;q=0.3
      User-Agent:
      - Ruby
  response:
    status:
      code: 200
      message: OK
    headers:
      Date:
      - Thu, 10 Apr 2025 13:58:32 GMT
      Server:
      - uvicorn
      Content-Length:
      - '14347'
      Content-Type:
      - application/json; charset=utf-8
      Laa-Transaction-Id:
      - f260c5bb-6378-4d5f-ae79-1212b515bdba
      Access-Control-Expose-Headers:
      - Laa-Transaction-Id
      Cache-Control:
      - no-store
      Content-Security-Policy:
      - default-src 'self'; base-uri 'self'; img-src 'self' fastapi.tiangolo.com data:;
        style-src 'self' cdn.jsdelivr.net 'unsafe-inline'; script-src 'self' cdn.jsdelivr.net
        'unsafe-inline'
      Strict-Transport-Security:
      - includeSubDomains; preload; max-age=2592000
      Referrer-Policy:
      - no-referrer
      X-Frame-Options:
      - SAMEORIGIN
    body:
      encoding: UTF-8
      string: '{"hearing": {"id": "9ff6593d-d443-4e15-b136-8f19edd2756b", "jurisdiction_type":
        "CROWN", "court_centre": {"id": "6131bd34-33d9-3d1e-8152-8b5a2084f1bd", "name":
        "Derby Crown Court", "welsh_name": "Llys Y Goron Derby", "room_id": null,
        "room_name": null, "welsh_room_name": null, "welsh_court_centre": null, "short_oucode":
        "C30DE", "oucode_l2_code": "30", "code": "C30DE00", "address": {"address_1":
        "Derby Combined Court Centre", "address_2": "Morledge", "address_3": "Derby",
        "address_4": "", "address_5": "", "postcode": "DE1 2XE"}}, "hearing_language":
        "WELSH", "has_shared_results": false, "court_applications": [], "hearing_type":
        {"id": "02bea03d-980e-4556-b125-8ff6dc0b684c", "description": "Pre-Trial Review
        (PTR)", "welsh_description": null}, "hearing_days": [{"sitting_day": "2019-10-26T16:19:15.000Z",
        "has_shared_results": false}, {"sitting_day": "2019-10-27T16:19:15.000Z",
        "has_shared_results": true}, {"sitting_day": "2019-10-28T16:19:15.000Z", "has_shared_results":
        false}], "judiciary": [], "prosecution_counsels": [], "defence_counsels":
        [{"title": "Mrs.", "first_name": "Savanna", "middle_name": "Duncan", "last_name":
        "Luettgen", "status": "Junior counsel", "attendance_days": ["2019-10-24"],
        "defendants": []}, {"title": "Mrs.", "first_name": "Magaret", "middle_name":
        "Herman", "last_name": "Jerde", "status": "Junior counsel", "attendance_days":
        ["2019-10-24"], "defendants": ["b8014abe-5655-4120-af97-89016da3ecc4"]}, {"title":
        "MRS", "first_name": "Lonnie", "middle_name": "Leffler", "last_name": "Ebert",
        "status": "Global counsel", "attendance_days": ["2025-04-29"], "defendants":
        ["d7cbda51-5831-4481-bd11-69bd0164add5"]}], "cracked_ineffective_trial": {"id":
        null, "code": null, "description": null, "type": null, "date": null}, "prosecution_cases":
        [{"id": "d381e340-8264-4e17-a50a-60b228049c74", "prosecution_case_identifier":
        {"case_urn": "TEST12345", "prosecution_authority_id": "a91ad0d1-5ad8-4fba-ab4e-8eb06bb11062",
        "prosecution_authority_code": "LITRFBACYW", "prosecution_authority_name":
        "veniam", "contact": null}, "status": "INACTIVE", "statement_of_facts": "Flexitarian
        aspernatur vel.", "statement_of_facts_welsh": "Accusantium exercitationem
        authentic leggings quae crucifix.", "defendants": [{"id": "3797ee37-cd75-4250-a3bf-b0bfbca4a3f3",
        "prosecution_case_id": "d381e340-8264-4e17-a50a-60b228049c74", "offences":
        [{"id": "1e533b87-2828-4cc8-9c68-9e5007957ae5", "code": "PT00011", "title":
        "Causing or inciting prostitution for gain", "legislation": "Criminal Law
        Act 1967 s.5", "mode_of_trial": "Indictable only", "wording": "Random string",
        "start_date": "2019-10-17", "order_index": 1, "allocation_decision": {"date":
        null, "originating_hearing_id": null, "offence_id": null, "mot_reason_id":
        null, "mot_reason_description": null, "mot_reason_code": null, "court_indicated_sentence":
        null, "sequence_number": null}, "plea": {"date": null, "value": null, "originating_hearing_id":
        null, "offence_id": null, "application_id": null, "delegated_powers": null},
        "verdict": {"date": null, "type": null, "originating_hearing_id": null, "offence_id":
        null}, "judicial_results": [{"id": "210a7913-df03-4969-a6b3-722ee4bf7c0d",
        "label": "Random String", "is_adjournment_result": false, "is_financial_result":
        false, "is_convicted_result": false, "is_available_for_court_extract": false,
        "qualifier": "Random String", "text": "PARDON", "cjs_code": "2507", "ordered_date":
        "2019-10-16", "prompts": [{"type_id": "c468ebe2-2972-4c07-a50c-1c046df5cd8b",
        "label": "Random String", "welsh_label": "Llinyn ar hap", "is_available_for_court_extract":
        false, "value": "Random String", "welsh_value": "MyString", "qualifier": "Random
        String", "duration_sequence": 1, "prompt_sequence": 1, "prompt_reference":
        "Random String", "total_penalty_points": 1, "is_financial_imposition": false,
        "usergroups": null}], "post_hearing_custody_status": "A", "wording": null}],
        "laa_application": {"reference": "1234567", "id": "bcbd13a4-6a83-4123-b4a6-062caba2b311",
        "status_code": "AP", "description": "FAKE NEWS", "status_date": "2025-03-10",
        "effective_start_date": null, "effective_end_date": null, "laa_contract_number":
        null}, "proceedings_concluded": null}], "defence_organisation": {"organisation":
        {"name": null, "incorporation_number": null, "registered_charity_number":
        null, "address": {"address_1": null, "address_2": null, "address_3": null,
        "address_4": null, "address_5": null, "postcode": null}, "contact": {"home":
        null, "work": null, "mobile": null, "email_primary": null, "email_secondary":
        null, "fax": null}}, "laa_contract_number": null}, "defendant_details": {"person_details":
        {"title": "MS", "first_name": "Jorge", "middle_name": null, "last_name": "McClure",
        "date_of_birth": "2004-09-11", "gender": "NOT_SPECIFIED", "documentation_language_needs":
        "WELSH", "nino": "BK351556C", "occupation": "newsreader", "occupation_code":
        "4512"}, "arrest_summons_number": "ZFRTWZ8DE3F9", "bail_conditions": "Ipsum
        voluptas quia quia.", "bail_status": {"code": "w3f9ojxxey", "description":
        "Sunt nisi accusamus alias."}}, "judicial_results": [], "legal_aid_status":
        null, "proceedings_concluded": null, "isYouth": null}, {"id": "a5084e6c-6c51-43ec-89e1-482f0135f186",
        "prosecution_case_id": "d381e340-8264-4e17-a50a-60b228049c74", "offences":
        [{"id": "eb9743cd-fc2a-4b89-b2ee-7cb07f584f4c", "code": "PT00011", "title":
        "Making, custody or control of counterfeiting materials etc.", "legislation":
        "Proceeds of Crime Act 2002 s.339(1A)", "mode_of_trial": "Either way", "wording":
        "Random string", "start_date": "2019-10-17", "order_index": 1, "allocation_decision":
        {"date": null, "originating_hearing_id": null, "offence_id": null, "mot_reason_id":
        null, "mot_reason_description": null, "mot_reason_code": null, "court_indicated_sentence":
        null, "sequence_number": null}, "plea": {"date": null, "value": null, "originating_hearing_id":
        null, "offence_id": null, "application_id": null, "delegated_powers": null},
        "verdict": {"date": null, "type": null, "originating_hearing_id": null, "offence_id":
        null}, "judicial_results": [{"id": "cbfd8ac0-1b8a-40ed-89a1-a7cc9ad18a76",
        "label": "Random String", "is_adjournment_result": false, "is_financial_result":
        false, "is_convicted_result": false, "is_available_for_court_extract": false,
        "qualifier": "Random String", "text": "NOT GUILTY", "cjs_code": "2507", "ordered_date":
        "2019-10-16", "prompts": [{"type_id": "e9aedfd3-c012-44f8-aa48-2b411f0adca8",
        "label": "Random String", "welsh_label": "Llinyn ar hap", "is_available_for_court_extract":
        false, "value": "Random String", "welsh_value": "MyString", "qualifier": "Random
        String", "duration_sequence": 1, "prompt_sequence": 1, "prompt_reference":
        "Random String", "total_penalty_points": 1, "is_financial_imposition": false,
        "usergroups": null}], "post_hearing_custody_status": "A", "wording": null}],
        "laa_application": {"reference": "2345678", "id": "1ec2d006-f7af-4a85-b75a-5a22e93c954a",
        "status_code": "AP", "description": "FAKE NEWS", "status_date": "2025-03-21",
        "effective_start_date": null, "effective_end_date": null, "laa_contract_number":
        null}, "proceedings_concluded": null}], "defence_organisation": {"organisation":
        {"name": null, "incorporation_number": null, "registered_charity_number":
        null, "address": {"address_1": null, "address_2": null, "address_3": null,
        "address_4": null, "address_5": null, "postcode": null}, "contact": {"home":
        null, "work": null, "mobile": null, "email_primary": null, "email_secondary":
        null, "fax": null}}, "laa_contract_number": null}, "defendant_details": {"person_details":
        {"title": "MS", "first_name": "Shayne", "middle_name": null, "last_name":
        "Abbott", "date_of_birth": "1978-08-13", "gender": "FEMALE", "documentation_language_needs":
        "ENGLISH", "nino": "HY997349A", "occupation": "carpenter", "occupation_code":
        "6515"}, "arrest_summons_number": "ZGWYZ74MKETB", "bail_conditions": "Minus
        cupiditate et asperiores.", "bail_status": {"code": "p10kyhff92", "description":
        "Voluptas velit dolorum sequi."}}, "judicial_results": [], "legal_aid_status":
        null, "proceedings_concluded": null, "isYouth": null}, {"id": "35af3c7d-ad6c-49e8-99b5-969aa92262df",
        "prosecution_case_id": "d381e340-8264-4e17-a50a-60b228049c74", "offences":
        [{"id": "79fdf32a-31e1-4e32-9f61-cfcf234bdc45", "code": "PT00011", "title":
        "Embracery", "legislation": "Offences against the Person Act 1861 s.27", "mode_of_trial":
        "Either way", "wording": "Random string", "start_date": "2019-10-17", "order_index":
        1, "allocation_decision": {"date": null, "originating_hearing_id": null, "offence_id":
        null, "mot_reason_id": null, "mot_reason_description": null, "mot_reason_code":
        null, "court_indicated_sentence": null, "sequence_number": null}, "plea":
        {"date": null, "value": null, "originating_hearing_id": null, "offence_id":
        null, "application_id": null, "delegated_powers": null}, "verdict": {"date":
        null, "type": null, "originating_hearing_id": null, "offence_id": null}, "judicial_results":
        [{"id": "ffb981df-d141-4b29-a03b-59ec59bd8848", "label": "Random String",
        "is_adjournment_result": false, "is_financial_result": false, "is_convicted_result":
        false, "is_available_for_court_extract": false, "qualifier": "Random String",
        "text": "GUILTY", "cjs_code": "2507", "ordered_date": "2019-10-16", "prompts":
        [{"type_id": "6e3b54c4-ec75-4f69-a409-df8950f72c90", "label": "Random String",
        "welsh_label": "Llinyn ar hap", "is_available_for_court_extract": false, "value":
        "Random String", "welsh_value": "MyString", "qualifier": "Random String",
        "duration_sequence": 1, "prompt_sequence": 1, "prompt_reference": "Random
        String", "total_penalty_points": 1, "is_financial_imposition": false, "usergroups":
        null}], "post_hearing_custody_status": "A", "wording": null}], "laa_application":
        {"reference": "Z10000001", "id": "0b54538f-66dc-4d48-868b-10720ee32d7c", "status_code":
        "AP", "description": "FAKE NEWS", "status_date": "2025-03-21", "effective_start_date":
        null, "effective_end_date": null, "laa_contract_number": null}, "proceedings_concluded":
        null}], "defence_organisation": {"organisation": {"name": null, "incorporation_number":
        null, "registered_charity_number": null, "address": {"address_1": null, "address_2":
        null, "address_3": null, "address_4": null, "address_5": null, "postcode":
        null}, "contact": {"home": null, "work": null, "mobile": null, "email_primary":
        null, "email_secondary": null, "fax": null}}, "laa_contract_number": null},
        "defendant_details": {"person_details": {"title": "MS", "first_name": "Shayla",
        "middle_name": null, "last_name": "Schneider", "date_of_birth": "1984-04-15",
        "gender": "FEMALE", "documentation_language_needs": "WELSH", "nino": "AM857041A",
        "occupation": "programmer", "occupation_code": "6231"}, "arrest_summons_number":
        "L6QWT20K8OE8", "bail_conditions": "Mollitia rem ut voluptatem.", "bail_status":
        {"code": "q4n5fpu480", "description": "Quos enim voluptatum in."}}, "judicial_results":
        [], "legal_aid_status": null, "proceedings_concluded": null, "isYouth": null},
        {"id": "b8014abe-5655-4120-af97-89016da3ecc4", "prosecution_case_id": "d381e340-8264-4e17-a50a-60b228049c74",
        "offences": [{"id": "935fb847-3cb9-4278-b813-3d86b1288786", "code": "PT00011",
        "title": "Assaulting prison officer whilst possessing firearm etc.", "legislation":
        "Offences against the Person Act 1861 s.4", "mode_of_trial": "Indictable only",
        "wording": "Random string", "start_date": "2019-10-17", "order_index": 1,
        "allocation_decision": {"date": null, "originating_hearing_id": null, "offence_id":
        null, "mot_reason_id": null, "mot_reason_description": null, "mot_reason_code":
        null, "court_indicated_sentence": null, "sequence_number": null}, "plea":
        {"date": null, "value": null, "originating_hearing_id": null, "offence_id":
        null, "application_id": null, "delegated_powers": null}, "verdict": {"date":
        null, "type": null, "originating_hearing_id": null, "offence_id": null}, "judicial_results":
        [{"id": "63092b33-df91-4d76-bcb3-488d22a8d02c", "label": "Random String",
        "is_adjournment_result": false, "is_financial_result": false, "is_convicted_result":
        false, "is_available_for_court_extract": false, "qualifier": "Random String",
        "text": "NOT GUILTY", "cjs_code": "2507", "ordered_date": "2019-10-16", "prompts":
        [{"type_id": "e2e1de68-5940-4418-8ee3-6538450fb81e", "label": "Random String",
        "welsh_label": "Llinyn ar hap", "is_available_for_court_extract": false, "value":
        "Random String", "welsh_value": "MyString", "qualifier": "Random String",
        "duration_sequence": 1, "prompt_sequence": 1, "prompt_reference": "Random
        String", "total_penalty_points": 1, "is_financial_imposition": false, "usergroups":
        null}], "post_hearing_custody_status": "A", "wording": null}, {"id": "d57dd34f-78a6-43ad-a973-be2868971dbe",
        "label": "Random String", "is_adjournment_result": false, "is_financial_result":
        false, "is_convicted_result": false, "is_available_for_court_extract": false,
        "qualifier": "Random String", "text": "NOT GUILTY", "cjs_code": "2507", "ordered_date":
        "2019-10-16", "prompts": [], "post_hearing_custody_status": "A", "wording":
        null}], "laa_application": {"reference": null, "id": null, "status_code":
        null, "description": null, "status_date": null, "effective_start_date": null,
        "effective_end_date": null, "laa_contract_number": null}, "proceedings_concluded":
        null}], "defence_organisation": {"organisation": {"name": null, "incorporation_number":
        null, "registered_charity_number": null, "address": {"address_1": null, "address_2":
        null, "address_3": null, "address_4": null, "address_5": null, "postcode":
        null}, "contact": {"home": null, "work": null, "mobile": null, "email_primary":
        null, "email_secondary": null, "fax": null}}, "laa_contract_number": null},
        "defendant_details": {"person_details": {"title": "MR", "first_name": "Jammy",
        "middle_name": null, "last_name": "Dodger", "date_of_birth": "1987-05-21",
        "gender": "MALE", "documentation_language_needs": "WELSH", "nino": "JC123456A",
        "occupation": "actress", "occupation_code": "7218"}, "arrest_summons_number":
        "L2V0P69BY9YK", "bail_conditions": "Id et omnis consectetur.", "bail_status":
        {"code": "alj2rb2w2k", "description": "Quis voluptates dolor quos."}}, "judicial_results":
        [], "legal_aid_status": null, "proceedings_concluded": null, "isYouth": null}]}],
        "defendant_judicial_results": [], "defendant_attendance": []}, "shared_time":
        "2025-03-06T12:10:57.196+00:00"}'
  recorded_at: Thu, 10 Apr 2025 13:58:33 GMT
- request:
    method: get
    uri: http://localhost:8000/v2/hearings/0304d126-d773-41fd-af01-83e017cecd80/hearing_events?date=2019-10-26
    body:
      encoding: US-ASCII
      string: ''
    headers:
      Authorization:
      - Basic <Basic>
      Accept:
      - application/json
      Content-Type:
      - application/json
      Laa-Transaction-Id:
      - f260c5bb-6378-4d5f-ae79-1212b515bdba
      Accept-Encoding:
      - gzip;q=1.0,deflate;q=0.6,identity;q=0.3
      User-Agent:
      - Ruby
  response:
    status:
      code: 200
      message: OK
    headers:
      Date:
      - Thu, 10 Apr 2025 13:58:33 GMT
      Server:
      - uvicorn
      Content-Length:
      - '62'
      Content-Type:
      - application/json; charset=utf-8
      Laa-Transaction-Id:
      - f260c5bb-6378-4d5f-ae79-1212b515bdba
      Access-Control-Expose-Headers:
      - Laa-Transaction-Id
      Cache-Control:
      - no-store
      Content-Security-Policy:
      - default-src 'self'; base-uri 'self'; img-src 'self' fastapi.tiangolo.com data:;
        style-src 'self' cdn.jsdelivr.net 'unsafe-inline'; script-src 'self' cdn.jsdelivr.net
        'unsafe-inline'
      Strict-Transport-Security:
      - includeSubDomains; preload; max-age=2592000
      Referrer-Policy:
      - no-referrer
      X-Frame-Options:
      - SAMEORIGIN
    body:
      encoding: UTF-8
      string: '{"hearing_id": null, "has_active_hearing": null, "events": []}'
  recorded_at: Thu, 10 Apr 2025 13:58:33 GMT
- request:
    method: get
    uri: http://localhost:8000/v2/hearings/0304d126-d773-41fd-af01-83e017cecd80?date=2019-10-31
    body:
      encoding: US-ASCII
      string: ''
    headers:
      Authorization:
      - Basic <Basic>
      Accept:
      - application/json
      Content-Type:
      - application/json
      Laa-Transaction-Id:
      - bda06694-9f47-416e-9dc2-e0bf86704ce6
      Accept-Encoding:
      - gzip;q=1.0,deflate;q=0.6,identity;q=0.3
      User-Agent:
      - Ruby
  response:
    status:
      code: 200
      message: OK
    headers:
      Date:
      - Thu, 10 Apr 2025 13:58:33 GMT
      Server:
      - uvicorn
      Content-Length:
      - '13974'
      Content-Type:
      - application/json; charset=utf-8
      Laa-Transaction-Id:
      - bda06694-9f47-416e-9dc2-e0bf86704ce6
      Access-Control-Expose-Headers:
      - Laa-Transaction-Id
      Cache-Control:
      - no-store
      Content-Security-Policy:
      - default-src 'self'; base-uri 'self'; img-src 'self' fastapi.tiangolo.com data:;
        style-src 'self' cdn.jsdelivr.net 'unsafe-inline'; script-src 'self' cdn.jsdelivr.net
        'unsafe-inline'
      Strict-Transport-Security:
      - includeSubDomains; preload; max-age=2592000
      Referrer-Policy:
      - no-referrer
      X-Frame-Options:
      - SAMEORIGIN
    body:
      encoding: UTF-8
      string: '{"hearing": {"id": "e2f3cde5-4c11-4853-a5e4-53d1d5ce618a", "jurisdiction_type":
        "CROWN", "court_centre": {"id": "6131bd34-33d9-3d1e-8152-8b5a2084f1bd", "name":
        "Derby Crown Court", "welsh_name": "Llys Y Goron Derby", "room_id": null,
        "room_name": null, "welsh_room_name": null, "welsh_court_centre": null, "short_oucode":
        "C30DE", "oucode_l2_code": "30", "code": "C30DE00", "address": {"address_1":
        "Derby Combined Court Centre", "address_2": "Morledge", "address_3": "Derby",
        "address_4": "", "address_5": "", "postcode": "DE1 2XE"}}, "hearing_language":
        "WELSH", "has_shared_results": false, "court_applications": [], "hearing_type":
        {"id": "861f5bee-41dc-4a0f-a50b-45097fc44409", "description": "Application
        to Break Fixture (BFA)", "welsh_description": null}, "hearing_days": [{"sitting_day":
        "2019-10-31T16:19:15.000Z", "has_shared_results": true}, {"sitting_day": "2019-11-01T16:19:15.000Z",
        "has_shared_results": false}, {"sitting_day": "2019-11-02T16:19:15.000Z",
        "has_shared_results": false}], "judiciary": [], "prosecution_counsels": [],
        "defence_counsels": [{"title": "MISS", "first_name": "Lucia", "middle_name":
        "Spencer", "last_name": "Ernser", "status": "Product counsel", "attendance_days":
        ["2025-04-21"], "defendants": ["77650dbf-dfa7-4652-9016-45510e86be83"]}],
        "cracked_ineffective_trial": {"id": null, "code": null, "description": null,
        "type": null, "date": null}, "prosecution_cases": [{"id": "d381e340-8264-4e17-a50a-60b228049c74",
        "prosecution_case_identifier": {"case_urn": "TEST12345", "prosecution_authority_id":
        "a91ad0d1-5ad8-4fba-ab4e-8eb06bb11062", "prosecution_authority_code": "LITRFBACYW",
        "prosecution_authority_name": "veniam", "contact": null}, "status": "INACTIVE",
        "statement_of_facts": "Flexitarian aspernatur vel.", "statement_of_facts_welsh":
        "Accusantium exercitationem authentic leggings quae crucifix.", "defendants":
        [{"id": "3797ee37-cd75-4250-a3bf-b0bfbca4a3f3", "prosecution_case_id": "d381e340-8264-4e17-a50a-60b228049c74",
        "offences": [{"id": "1e533b87-2828-4cc8-9c68-9e5007957ae5", "code": "PT00011",
        "title": "Causing or inciting prostitution for gain", "legislation": "Criminal
        Law Act 1967 s.5", "mode_of_trial": "Indictable only", "wording": "Random
        string", "start_date": "2019-10-17", "order_index": 1, "allocation_decision":
        {"date": null, "originating_hearing_id": null, "offence_id": null, "mot_reason_id":
        null, "mot_reason_description": null, "mot_reason_code": null, "court_indicated_sentence":
        null, "sequence_number": null}, "plea": {"date": null, "value": null, "originating_hearing_id":
        null, "offence_id": null, "application_id": null, "delegated_powers": null},
        "verdict": {"date": null, "type": null, "originating_hearing_id": null, "offence_id":
        null}, "judicial_results": [{"id": "210a7913-df03-4969-a6b3-722ee4bf7c0d",
        "label": "Random String", "is_adjournment_result": false, "is_financial_result":
        false, "is_convicted_result": false, "is_available_for_court_extract": false,
        "qualifier": "Random String", "text": "PARDON", "cjs_code": "2507", "ordered_date":
        "2019-10-16", "prompts": [{"type_id": "c468ebe2-2972-4c07-a50c-1c046df5cd8b",
        "label": "Random String", "welsh_label": "Llinyn ar hap", "is_available_for_court_extract":
        false, "value": "Random String", "welsh_value": "MyString", "qualifier": "Random
        String", "duration_sequence": 1, "prompt_sequence": 1, "prompt_reference":
        "Random String", "total_penalty_points": 1, "is_financial_imposition": false,
        "usergroups": null}], "post_hearing_custody_status": "A", "wording": null}],
        "laa_application": {"reference": "1234567", "id": "bcbd13a4-6a83-4123-b4a6-062caba2b311",
        "status_code": "AP", "description": "FAKE NEWS", "status_date": "2025-03-10",
        "effective_start_date": null, "effective_end_date": null, "laa_contract_number":
        null}, "proceedings_concluded": null}], "defence_organisation": {"organisation":
        {"name": null, "incorporation_number": null, "registered_charity_number":
        null, "address": {"address_1": null, "address_2": null, "address_3": null,
        "address_4": null, "address_5": null, "postcode": null}, "contact": {"home":
        null, "work": null, "mobile": null, "email_primary": null, "email_secondary":
        null, "fax": null}}, "laa_contract_number": null}, "defendant_details": {"person_details":
        {"title": "MS", "first_name": "Jorge", "middle_name": null, "last_name": "McClure",
        "date_of_birth": "2004-09-11", "gender": "NOT_SPECIFIED", "documentation_language_needs":
        "WELSH", "nino": "BK351556C", "occupation": "newsreader", "occupation_code":
        "4512"}, "arrest_summons_number": "ZFRTWZ8DE3F9", "bail_conditions": "Ipsum
        voluptas quia quia.", "bail_status": {"code": "w3f9ojxxey", "description":
        "Sunt nisi accusamus alias."}}, "judicial_results": [], "legal_aid_status":
        null, "proceedings_concluded": null, "isYouth": null}, {"id": "a5084e6c-6c51-43ec-89e1-482f0135f186",
        "prosecution_case_id": "d381e340-8264-4e17-a50a-60b228049c74", "offences":
        [{"id": "eb9743cd-fc2a-4b89-b2ee-7cb07f584f4c", "code": "PT00011", "title":
        "Making, custody or control of counterfeiting materials etc.", "legislation":
        "Proceeds of Crime Act 2002 s.339(1A)", "mode_of_trial": "Either way", "wording":
        "Random string", "start_date": "2019-10-17", "order_index": 1, "allocation_decision":
        {"date": null, "originating_hearing_id": null, "offence_id": null, "mot_reason_id":
        null, "mot_reason_description": null, "mot_reason_code": null, "court_indicated_sentence":
        null, "sequence_number": null}, "plea": {"date": null, "value": null, "originating_hearing_id":
        null, "offence_id": null, "application_id": null, "delegated_powers": null},
        "verdict": {"date": null, "type": null, "originating_hearing_id": null, "offence_id":
        null}, "judicial_results": [{"id": "cbfd8ac0-1b8a-40ed-89a1-a7cc9ad18a76",
        "label": "Random String", "is_adjournment_result": false, "is_financial_result":
        false, "is_convicted_result": false, "is_available_for_court_extract": false,
        "qualifier": "Random String", "text": "NOT GUILTY", "cjs_code": "2507", "ordered_date":
        "2019-10-16", "prompts": [{"type_id": "e9aedfd3-c012-44f8-aa48-2b411f0adca8",
        "label": "Random String", "welsh_label": "Llinyn ar hap", "is_available_for_court_extract":
        false, "value": "Random String", "welsh_value": "MyString", "qualifier": "Random
        String", "duration_sequence": 1, "prompt_sequence": 1, "prompt_reference":
        "Random String", "total_penalty_points": 1, "is_financial_imposition": false,
        "usergroups": null}], "post_hearing_custody_status": "A", "wording": null}],
        "laa_application": {"reference": "2345678", "id": "1ec2d006-f7af-4a85-b75a-5a22e93c954a",
        "status_code": "AP", "description": "FAKE NEWS", "status_date": "2025-03-21",
        "effective_start_date": null, "effective_end_date": null, "laa_contract_number":
        null}, "proceedings_concluded": null}], "defence_organisation": {"organisation":
        {"name": null, "incorporation_number": null, "registered_charity_number":
        null, "address": {"address_1": null, "address_2": null, "address_3": null,
        "address_4": null, "address_5": null, "postcode": null}, "contact": {"home":
        null, "work": null, "mobile": null, "email_primary": null, "email_secondary":
        null, "fax": null}}, "laa_contract_number": null}, "defendant_details": {"person_details":
        {"title": "MS", "first_name": "Shayne", "middle_name": null, "last_name":
        "Abbott", "date_of_birth": "1978-08-13", "gender": "FEMALE", "documentation_language_needs":
        "ENGLISH", "nino": "HY997349A", "occupation": "carpenter", "occupation_code":
        "6515"}, "arrest_summons_number": "ZGWYZ74MKETB", "bail_conditions": "Minus
        cupiditate et asperiores.", "bail_status": {"code": "p10kyhff92", "description":
        "Voluptas velit dolorum sequi."}}, "judicial_results": [], "legal_aid_status":
        null, "proceedings_concluded": null, "isYouth": null}, {"id": "35af3c7d-ad6c-49e8-99b5-969aa92262df",
        "prosecution_case_id": "d381e340-8264-4e17-a50a-60b228049c74", "offences":
        [{"id": "79fdf32a-31e1-4e32-9f61-cfcf234bdc45", "code": "PT00011", "title":
        "Embracery", "legislation": "Offences against the Person Act 1861 s.27", "mode_of_trial":
        "Either way", "wording": "Random string", "start_date": "2019-10-17", "order_index":
        1, "allocation_decision": {"date": null, "originating_hearing_id": null, "offence_id":
        null, "mot_reason_id": null, "mot_reason_description": null, "mot_reason_code":
        null, "court_indicated_sentence": null, "sequence_number": null}, "plea":
        {"date": null, "value": null, "originating_hearing_id": null, "offence_id":
        null, "application_id": null, "delegated_powers": null}, "verdict": {"date":
        null, "type": null, "originating_hearing_id": null, "offence_id": null}, "judicial_results":
        [{"id": "ffb981df-d141-4b29-a03b-59ec59bd8848", "label": "Random String",
        "is_adjournment_result": false, "is_financial_result": false, "is_convicted_result":
        false, "is_available_for_court_extract": false, "qualifier": "Random String",
        "text": "GUILTY", "cjs_code": "2507", "ordered_date": "2019-10-16", "prompts":
        [{"type_id": "6e3b54c4-ec75-4f69-a409-df8950f72c90", "label": "Random String",
        "welsh_label": "Llinyn ar hap", "is_available_for_court_extract": false, "value":
        "Random String", "welsh_value": "MyString", "qualifier": "Random String",
        "duration_sequence": 1, "prompt_sequence": 1, "prompt_reference": "Random
        String", "total_penalty_points": 1, "is_financial_imposition": false, "usergroups":
        null}], "post_hearing_custody_status": "A", "wording": null}], "laa_application":
        {"reference": "Z10000001", "id": "0b54538f-66dc-4d48-868b-10720ee32d7c", "status_code":
        "AP", "description": "FAKE NEWS", "status_date": "2025-03-21", "effective_start_date":
        null, "effective_end_date": null, "laa_contract_number": null}, "proceedings_concluded":
        null}], "defence_organisation": {"organisation": {"name": null, "incorporation_number":
        null, "registered_charity_number": null, "address": {"address_1": null, "address_2":
        null, "address_3": null, "address_4": null, "address_5": null, "postcode":
        null}, "contact": {"home": null, "work": null, "mobile": null, "email_primary":
        null, "email_secondary": null, "fax": null}}, "laa_contract_number": null},
        "defendant_details": {"person_details": {"title": "MS", "first_name": "Shayla",
        "middle_name": null, "last_name": "Schneider", "date_of_birth": "1984-04-15",
        "gender": "FEMALE", "documentation_language_needs": "WELSH", "nino": "AM857041A",
        "occupation": "programmer", "occupation_code": "6231"}, "arrest_summons_number":
        "L6QWT20K8OE8", "bail_conditions": "Mollitia rem ut voluptatem.", "bail_status":
        {"code": "q4n5fpu480", "description": "Quos enim voluptatum in."}}, "judicial_results":
        [], "legal_aid_status": null, "proceedings_concluded": null, "isYouth": null},
        {"id": "b8014abe-5655-4120-af97-89016da3ecc4", "prosecution_case_id": "d381e340-8264-4e17-a50a-60b228049c74",
        "offences": [{"id": "935fb847-3cb9-4278-b813-3d86b1288786", "code": "PT00011",
        "title": "Assaulting prison officer whilst possessing firearm etc.", "legislation":
        "Offences against the Person Act 1861 s.4", "mode_of_trial": "Indictable only",
        "wording": "Random string", "start_date": "2019-10-17", "order_index": 1,
        "allocation_decision": {"date": null, "originating_hearing_id": null, "offence_id":
        null, "mot_reason_id": null, "mot_reason_description": null, "mot_reason_code":
        null, "court_indicated_sentence": null, "sequence_number": null}, "plea":
        {"date": null, "value": null, "originating_hearing_id": null, "offence_id":
        null, "application_id": null, "delegated_powers": null}, "verdict": {"date":
        null, "type": null, "originating_hearing_id": null, "offence_id": null}, "judicial_results":
        [{"id": "63092b33-df91-4d76-bcb3-488d22a8d02c", "label": "Random String",
        "is_adjournment_result": false, "is_financial_result": false, "is_convicted_result":
        false, "is_available_for_court_extract": false, "qualifier": "Random String",
        "text": "NOT GUILTY", "cjs_code": "2507", "ordered_date": "2019-10-16", "prompts":
        [{"type_id": "e2e1de68-5940-4418-8ee3-6538450fb81e", "label": "Random String",
        "welsh_label": "Llinyn ar hap", "is_available_for_court_extract": false, "value":
        "Random String", "welsh_value": "MyString", "qualifier": "Random String",
        "duration_sequence": 1, "prompt_sequence": 1, "prompt_reference": "Random
        String", "total_penalty_points": 1, "is_financial_imposition": false, "usergroups":
        null}], "post_hearing_custody_status": "A", "wording": null}, {"id": "d57dd34f-78a6-43ad-a973-be2868971dbe",
        "label": "Random String", "is_adjournment_result": false, "is_financial_result":
        false, "is_convicted_result": false, "is_available_for_court_extract": false,
        "qualifier": "Random String", "text": "NOT GUILTY", "cjs_code": "2507", "ordered_date":
        "2019-10-16", "prompts": [], "post_hearing_custody_status": "A", "wording":
        null}], "laa_application": {"reference": null, "id": null, "status_code":
        null, "description": null, "status_date": null, "effective_start_date": null,
        "effective_end_date": null, "laa_contract_number": null}, "proceedings_concluded":
        null}], "defence_organisation": {"organisation": {"name": null, "incorporation_number":
        null, "registered_charity_number": null, "address": {"address_1": null, "address_2":
        null, "address_3": null, "address_4": null, "address_5": null, "postcode":
        null}, "contact": {"home": null, "work": null, "mobile": null, "email_primary":
        null, "email_secondary": null, "fax": null}}, "laa_contract_number": null},
        "defendant_details": {"person_details": {"title": "MR", "first_name": "Jammy",
        "middle_name": null, "last_name": "Dodger", "date_of_birth": "1987-05-21",
        "gender": "MALE", "documentation_language_needs": "WELSH", "nino": "JC123456A",
        "occupation": "actress", "occupation_code": "7218"}, "arrest_summons_number":
        "L2V0P69BY9YK", "bail_conditions": "Id et omnis consectetur.", "bail_status":
        {"code": "alj2rb2w2k", "description": "Quis voluptates dolor quos."}}, "judicial_results":
        [], "legal_aid_status": null, "proceedings_concluded": null, "isYouth": null}]}],
        "defendant_judicial_results": [], "defendant_attendance": []}, "shared_time":
        "2025-03-06T12:10:57.168+00:00"}'
  recorded_at: Thu, 10 Apr 2025 13:58:33 GMT
- request:
    method: get
    uri: http://localhost:8000/v2/hearings/0304d126-d773-41fd-af01-83e017cecd80/hearing_events?date=2019-10-31
    body:
      encoding: US-ASCII
      string: ''
    headers:
      Authorization:
      - Basic <Basic>
      Accept:
      - application/json
      Content-Type:
      - application/json
      Laa-Transaction-Id:
      - bda06694-9f47-416e-9dc2-e0bf86704ce6
      Accept-Encoding:
      - gzip;q=1.0,deflate;q=0.6,identity;q=0.3
      User-Agent:
      - Ruby
  response:
    status:
      code: 200
      message: OK
    headers:
      Date:
      - Thu, 10 Apr 2025 13:58:33 GMT
      Server:
      - uvicorn
      Content-Length:
      - '62'
      Content-Type:
      - application/json; charset=utf-8
      Laa-Transaction-Id:
      - bda06694-9f47-416e-9dc2-e0bf86704ce6
      Access-Control-Expose-Headers:
      - Laa-Transaction-Id
      Cache-Control:
      - no-store
      Content-Security-Policy:
      - default-src 'self'; base-uri 'self'; img-src 'self' fastapi.tiangolo.com data:;
        style-src 'self' cdn.jsdelivr.net 'unsafe-inline'; script-src 'self' cdn.jsdelivr.net
        'unsafe-inline'
      Strict-Transport-Security:
      - includeSubDomains; preload; max-age=2592000
      Referrer-Policy:
      - no-referrer
      X-Frame-Options:
      - SAMEORIGIN
    body:
      encoding: UTF-8
      string: '{"hearing_id": null, "has_active_hearing": null, "events": []}'
  recorded_at: Thu, 10 Apr 2025 13:58:34 GMT
- request:
    method: get
    uri: http://localhost:8000/v2/case_summaries/TEST12345
    body:
      encoding: US-ASCII
      string: ''
    headers:
      Authorization:
      - Basic <Basic>
      Accept:
      - application/json
      Content-Type:
      - application/json
      Laa-Transaction-Id:
      - f8f4fce2-d625-4397-b444-0b7e8309ffa8
      Accept-Encoding:
      - gzip;q=1.0,deflate;q=0.6,identity;q=0.3
      User-Agent:
      - Ruby
  response:
    status:
      code: 200
      message: OK
    headers:
      Date:
      - Thu, 10 Apr 2025 13:58:33 GMT
      Server:
      - uvicorn
      Content-Length:
      - '4575'
      Content-Type:
      - application/json; charset=utf-8
      Laa-Transaction-Id:
      - f8f4fce2-d625-4397-b444-0b7e8309ffa8
      Access-Control-Expose-Headers:
      - Laa-Transaction-Id
      Cache-Control:
      - no-store
      Content-Security-Policy:
      - default-src 'self'; base-uri 'self'; img-src 'self' fastapi.tiangolo.com data:;
        style-src 'self' cdn.jsdelivr.net 'unsafe-inline'; script-src 'self' cdn.jsdelivr.net
        'unsafe-inline'
      Strict-Transport-Security:
      - includeSubDomains; preload; max-age=2592000
      Referrer-Policy:
      - no-referrer
      X-Frame-Options:
      - SAMEORIGIN
    body:
      encoding: UTF-8
      string: '{"prosecution_case_reference": "TEST12345", "hearing_summaries": [{"id":
        "0304d126-d773-41fd-af01-83e017cecd80", "hearing_type": "Mention - Defendant
        to Attend (MDA)", "estimated_duration": null, "defendants": [], "jurisdiction_type":
        "CROWN", "court_centre": {"id": "6131bd34-33d9-3d1e-8152-8b5a2084f1bd", "name":
        "Derby Crown Court", "welsh_name": "Llys Y Goron Derby", "room_id": null,
        "room_name": null, "welsh_room_name": null, "welsh_court_name": null, "short_oucode":
        "C30DE", "oucode_l2_code": "30", "code": "C30DE00", "address": {"address_1":
        "Derby Combined Court Centre", "address_2": "Morledge", "address_3": "Derby",
        "address_4": "", "address_5": "", "postcode": "DE1 2XE"}}, "hearing_days":
        [{"sitting_day": "2019-10-23T16:19:15+00:00", "listing_sequence": 1, "listed_duration_minutes":
        120, "has_shared_results": false}], "defence_counsels": []}, {"id": "0304d126-d773-41fd-af01-83e017cecd80",
        "hearing_type": "Pre-Trial Review (PTR)", "estimated_duration": null, "defendants":
        [], "jurisdiction_type": "CROWN", "court_centre": {"id": "6131bd34-33d9-3d1e-8152-8b5a2084f1bd",
        "name": "Derby Crown Court", "welsh_name": "Llys Y Goron Derby", "room_id":
        null, "room_name": null, "welsh_room_name": null, "welsh_court_name": null,
        "short_oucode": "C30DE", "oucode_l2_code": "30", "code": "C30DE00", "address":
        {"address_1": "Derby Combined Court Centre", "address_2": "Morledge", "address_3":
        "Derby", "address_4": "", "address_5": "", "postcode": "DE1 2XE"}}, "hearing_days":
        [{"sitting_day": "2019-10-26T16:19:15+00:00", "listing_sequence": 1, "listed_duration_minutes":
        120, "has_shared_results": false}, {"sitting_day": "2019-10-27T16:19:15+00:00",
        "listing_sequence": 1, "listed_duration_minutes": 120, "has_shared_results":
        true}, {"sitting_day": "2019-10-28T16:19:15+00:00", "listing_sequence": 1,
        "listed_duration_minutes": 120, "has_shared_results": false}], "defence_counsels":
        [{"title": null, "first_name": null, "middle_name": null, "last_name": null,
        "status": null, "attendance_days": null, "defendants": []}, {"title": null,
        "first_name": null, "middle_name": null, "last_name": null, "status": null,
        "attendance_days": null, "defendants": []}, {"title": null, "first_name":
        null, "middle_name": null, "last_name": null, "status": null, "attendance_days":
        null, "defendants": []}]}, {"id": "0304d126-d773-41fd-af01-83e017cecd80",
        "hearing_type": "Application to Break Fixture (BFA)", "estimated_duration":
        null, "defendants": [], "jurisdiction_type": "CROWN", "court_centre": {"id":
        "6131bd34-33d9-3d1e-8152-8b5a2084f1bd", "name": "Derby Crown Court", "welsh_name":
        "Llys Y Goron Derby", "room_id": null, "room_name": null, "welsh_room_name":
        null, "welsh_court_name": null, "short_oucode": "C30DE", "oucode_l2_code":
        "30", "code": "C30DE00", "address": {"address_1": "Derby Combined Court Centre",
        "address_2": "Morledge", "address_3": "Derby", "address_4": "", "address_5":
        "", "postcode": "DE1 2XE"}}, "hearing_days": [{"sitting_day": "2019-10-31T16:19:15+00:00",
        "listing_sequence": 1, "listed_duration_minutes": 120, "has_shared_results":
        true}, {"sitting_day": "2019-11-01T16:19:15+00:00", "listing_sequence": 1,
        "listed_duration_minutes": 120, "has_shared_results": false}, {"sitting_day":
        "2019-11-02T16:19:15+00:00", "listing_sequence": 1, "listed_duration_minutes":
        120, "has_shared_results": false}], "defence_counsels": [{"title": null, "first_name":
        null, "middle_name": null, "last_name": null, "status": null, "attendance_days":
        null, "defendants": []}]}], "overall_defendants": [{"id": "3797ee37-cd75-4250-a3bf-b0bfbca4a3f3",
        "first_name": "Jorge", "middle_name": "Pacocha", "last_name": "McClure", "arrest_summons_number":
        "ZFRTWZ8DE3F9", "date_of_birth": "2004-09-11", "national_insurance_number":
        "BK351556C", "maat_reference": "1234567"}, {"id": "a5084e6c-6c51-43ec-89e1-482f0135f186",
        "first_name": "Shayne", "middle_name": "Cole", "last_name": "Abbott", "arrest_summons_number":
        "ZGWYZ74MKETB", "date_of_birth": "1978-08-13", "national_insurance_number":
        "HY997349A", "maat_reference": "2345678"}, {"id": "35af3c7d-ad6c-49e8-99b5-969aa92262df",
        "first_name": "Shayla", "middle_name": "Cormier", "last_name": "Schneider",
        "arrest_summons_number": "L6QWT20K8OE8", "date_of_birth": "1984-04-15", "national_insurance_number":
        "AM857041A", "maat_reference": "Z10000001"}, {"id": "b8014abe-5655-4120-af97-89016da3ecc4",
        "first_name": "Jammy", "middle_name": "", "last_name": "Dodger", "arrest_summons_number":
        "L2V0P69BY9YK", "date_of_birth": "1987-05-21", "national_insurance_number":
        "JC123456A", "maat_reference": null}]}'
  recorded_at: Thu, 10 Apr 2025 13:58:34 GMT
- request:
    method: get
    uri: http://localhost:8000/v2/hearings/0304d126-d773-41fd-af01-83e017cecd80?date=2019-10-28
    body:
      encoding: US-ASCII
      string: ''
    headers:
      Authorization:
      - Basic <Basic>
      Accept:
      - application/json
      Content-Type:
      - application/json
      Laa-Transaction-Id:
      - 66100f47-73fa-41ad-b598-55e37fe302ed
      Accept-Encoding:
      - gzip;q=1.0,deflate;q=0.6,identity;q=0.3
      User-Agent:
      - Ruby
  response:
    status:
      code: 404
      message: Not Found
    headers:
      Date:
      - Thu, 10 Apr 2025 13:58:34 GMT
      Server:
      - uvicorn
      Laa-Transaction-Id:
      - 66100f47-73fa-41ad-b598-55e37fe302ed
      Access-Control-Expose-Headers:
      - Laa-Transaction-Id
      Cache-Control:
      - no-store
      Content-Security-Policy:
      - default-src 'self'; base-uri 'self'; img-src 'self' fastapi.tiangolo.com data:;
        style-src 'self' cdn.jsdelivr.net 'unsafe-inline'; script-src 'self' cdn.jsdelivr.net
        'unsafe-inline'
      Strict-Transport-Security:
      - includeSubDomains; preload; max-age=2592000
      Referrer-Policy:
      - no-referrer
      X-Frame-Options:
      - SAMEORIGIN
      Transfer-Encoding:
      - chunked
    body:
      encoding: UTF-8
      string: ''
  recorded_at: Thu, 10 Apr 2025 13:58:34 GMT
- request:
    method: get
    uri: http://localhost:8000/v2/hearings/0304d126-d773-41fd-af01-83e017cecd80/hearing_events?date=2019-10-28
    body:
      encoding: US-ASCII
      string: ''
    headers:
      Authorization:
      - Basic <Basic>
      Accept:
      - application/json
      Content-Type:
      - application/json
      Laa-Transaction-Id:
      - 66100f47-73fa-41ad-b598-55e37fe302ed
      Accept-Encoding:
      - gzip;q=1.0,deflate;q=0.6,identity;q=0.3
      User-Agent:
      - Ruby
  response:
    status:
      code: 200
      message: OK
    headers:
      Date:
      - Thu, 10 Apr 2025 13:58:34 GMT
      Server:
      - uvicorn
      Content-Length:
      - '62'
      Content-Type:
      - application/json; charset=utf-8
      Laa-Transaction-Id:
      - 66100f47-73fa-41ad-b598-55e37fe302ed
      Access-Control-Expose-Headers:
      - Laa-Transaction-Id
      Cache-Control:
      - no-store
      Content-Security-Policy:
      - default-src 'self'; base-uri 'self'; img-src 'self' fastapi.tiangolo.com data:;
        style-src 'self' cdn.jsdelivr.net 'unsafe-inline'; script-src 'self' cdn.jsdelivr.net
        'unsafe-inline'
      Strict-Transport-Security:
      - includeSubDomains; preload; max-age=2592000
      Referrer-Policy:
      - no-referrer
      X-Frame-Options:
      - SAMEORIGIN
    body:
      encoding: UTF-8
      string: '{"hearing_id": null, "has_active_hearing": null, "events": []}'
  recorded_at: Thu, 10 Apr 2025 13:58:34 GMT
- request:
    method: get
    uri: http://localhost:8000/v2/hearings/0304d126-d773-41fd-af01-83e017cecd80?date=2019-11-01
    body:
      encoding: US-ASCII
      string: ''
    headers:
      Authorization:
      - Basic <Basic>
      Accept:
      - application/json
      Content-Type:
      - application/json
      Laa-Transaction-Id:
      - 71f23e18-d204-4d82-93b0-bc04b68c39ef
      Accept-Encoding:
      - gzip;q=1.0,deflate;q=0.6,identity;q=0.3
      User-Agent:
      - Ruby
  response:
    status:
      code: 404
      message: Not Found
    headers:
      Date:
      - Thu, 10 Apr 2025 14:08:26 GMT
      Server:
      - uvicorn
      Laa-Transaction-Id:
      - 71f23e18-d204-4d82-93b0-bc04b68c39ef
      Access-Control-Expose-Headers:
      - Laa-Transaction-Id
      Cache-Control:
      - no-store
      Content-Security-Policy:
      - default-src 'self'; base-uri 'self'; img-src 'self' fastapi.tiangolo.com data:;
        style-src 'self' cdn.jsdelivr.net 'unsafe-inline'; script-src 'self' cdn.jsdelivr.net
        'unsafe-inline'
      Strict-Transport-Security:
      - includeSubDomains; preload; max-age=2592000
      Referrer-Policy:
      - no-referrer
      X-Frame-Options:
      - SAMEORIGIN
      Transfer-Encoding:
      - chunked
    body:
      encoding: UTF-8
      string: ''
  recorded_at: Thu, 10 Apr 2025 14:08:27 GMT
- request:
    method: get
    uri: http://localhost:8000/v2/hearings/0304d126-d773-41fd-af01-83e017cecd80/hearing_events?date=2019-11-01
    body:
      encoding: US-ASCII
      string: ''
    headers:
      Authorization:
      - Basic <Basic>
      Accept:
      - application/json
      Content-Type:
      - application/json
      Laa-Transaction-Id:
      - 71f23e18-d204-4d82-93b0-bc04b68c39ef
      Accept-Encoding:
      - gzip;q=1.0,deflate;q=0.6,identity;q=0.3
      User-Agent:
      - Ruby
  response:
    status:
      code: 200
      message: OK
    headers:
      Date:
      - Thu, 10 Apr 2025 14:08:26 GMT
      Server:
      - uvicorn
      Content-Length:
      - '62'
      Content-Type:
      - application/json; charset=utf-8
      Laa-Transaction-Id:
      - 71f23e18-d204-4d82-93b0-bc04b68c39ef
      Access-Control-Expose-Headers:
      - Laa-Transaction-Id
      Cache-Control:
      - no-store
      Content-Security-Policy:
      - default-src 'self'; base-uri 'self'; img-src 'self' fastapi.tiangolo.com data:;
        style-src 'self' cdn.jsdelivr.net 'unsafe-inline'; script-src 'self' cdn.jsdelivr.net
        'unsafe-inline'
      Strict-Transport-Security:
      - includeSubDomains; preload; max-age=2592000
      Referrer-Policy:
      - no-referrer
      X-Frame-Options:
      - SAMEORIGIN
    body:
      encoding: UTF-8
      string: '{"hearing_id": null, "has_active_hearing": null, "events": []}'
  recorded_at: Thu, 10 Apr 2025 14:08:27 GMT
- request:
    method: get
    uri: http://localhost:8000/v2/case_summaries/TEST12345
    body:
      encoding: US-ASCII
      string: ''
    headers:
      Authorization:
      - Basic <Basic>
      Accept:
      - application/json
      Content-Type:
      - application/json
      Laa-Transaction-Id:
      - 1a553052-bb3a-4f3a-934b-ccaed08326a6
      Accept-Encoding:
      - gzip;q=1.0,deflate;q=0.6,identity;q=0.3
      User-Agent:
      - Ruby
  response:
    status:
      code: 200
      message: OK
    headers:
      Date:
      - Thu, 10 Apr 2025 14:08:27 GMT
      Server:
      - uvicorn
      Content-Length:
      - '4575'
      Content-Type:
      - application/json; charset=utf-8
      Laa-Transaction-Id:
      - 1a553052-bb3a-4f3a-934b-ccaed08326a6
      Access-Control-Expose-Headers:
      - Laa-Transaction-Id
      Cache-Control:
      - no-store
      Content-Security-Policy:
      - default-src 'self'; base-uri 'self'; img-src 'self' fastapi.tiangolo.com data:;
        style-src 'self' cdn.jsdelivr.net 'unsafe-inline'; script-src 'self' cdn.jsdelivr.net
        'unsafe-inline'
      Strict-Transport-Security:
      - includeSubDomains; preload; max-age=2592000
      Referrer-Policy:
      - no-referrer
      X-Frame-Options:
      - SAMEORIGIN
    body:
      encoding: UTF-8
      string: '{"prosecution_case_reference": "TEST12345", "hearing_summaries": [{"id":
        "0304d126-d773-41fd-af01-83e017cecd80", "hearing_type": "Mention - Defendant
        to Attend (MDA)", "estimated_duration": null, "defendants": [], "jurisdiction_type":
        "CROWN", "court_centre": {"id": "6131bd34-33d9-3d1e-8152-8b5a2084f1bd", "name":
        "Derby Crown Court", "welsh_name": "Llys Y Goron Derby", "room_id": null,
        "room_name": null, "welsh_room_name": null, "welsh_court_name": null, "short_oucode":
        "C30DE", "oucode_l2_code": "30", "code": "C30DE00", "address": {"address_1":
        "Derby Combined Court Centre", "address_2": "Morledge", "address_3": "Derby",
        "address_4": "", "address_5": "", "postcode": "DE1 2XE"}}, "hearing_days":
        [{"sitting_day": "2019-10-23T16:19:15+00:00", "listing_sequence": 1, "listed_duration_minutes":
        120, "has_shared_results": false}], "defence_counsels": []}, {"id": "0304d126-d773-41fd-af01-83e017cecd80",
        "hearing_type": "Pre-Trial Review (PTR)", "estimated_duration": null, "defendants":
        [], "jurisdiction_type": "CROWN", "court_centre": {"id": "6131bd34-33d9-3d1e-8152-8b5a2084f1bd",
        "name": "Derby Crown Court", "welsh_name": "Llys Y Goron Derby", "room_id":
        null, "room_name": null, "welsh_room_name": null, "welsh_court_name": null,
        "short_oucode": "C30DE", "oucode_l2_code": "30", "code": "C30DE00", "address":
        {"address_1": "Derby Combined Court Centre", "address_2": "Morledge", "address_3":
        "Derby", "address_4": "", "address_5": "", "postcode": "DE1 2XE"}}, "hearing_days":
        [{"sitting_day": "2019-10-26T16:19:15+00:00", "listing_sequence": 1, "listed_duration_minutes":
        120, "has_shared_results": false}, {"sitting_day": "2019-10-27T16:19:15+00:00",
        "listing_sequence": 1, "listed_duration_minutes": 120, "has_shared_results":
        true}, {"sitting_day": "2019-10-28T16:19:15+00:00", "listing_sequence": 1,
        "listed_duration_minutes": 120, "has_shared_results": false}], "defence_counsels":
        [{"title": null, "first_name": null, "middle_name": null, "last_name": null,
        "status": null, "attendance_days": null, "defendants": null}, {"title": null,
        "first_name": null, "middle_name": null, "last_name": null, "status": null,
        "attendance_days": null, "defendants": null}, {"title": null, "first_name":
        null, "middle_name": null, "last_name": null, "status": null, "attendance_days":
        null, "defendants": null}]}, {"id": "0304d126-d773-41fd-af01-83e017cecd80",
        "hearing_type": "Application to Break Fixture (BFA)", "estimated_duration":
        null, "defendants": [], "jurisdiction_type": "CROWN", "court_centre": {"id":
        "6131bd34-33d9-3d1e-8152-8b5a2084f1bd", "name": "Derby Crown Court", "welsh_name":
        "Llys Y Goron Derby", "room_id": null, "room_name": null, "welsh_room_name":
        null, "welsh_court_name": null, "short_oucode": "C30DE", "oucode_l2_code":
        "30", "code": "C30DE00", "address": {"address_1": "Derby Combined Court Centre",
        "address_2": "Morledge", "address_3": "Derby", "address_4": "", "address_5":
        "", "postcode": "DE1 2XE"}}, "hearing_days": [{"sitting_day": "2019-10-31T16:19:15+00:00",
        "listing_sequence": 1, "listed_duration_minutes": 120, "has_shared_results":
        true}, {"sitting_day": "2019-11-01T16:19:15+00:00", "listing_sequence": 1,
        "listed_duration_minutes": 120, "has_shared_results": false}, {"sitting_day":
        "2019-11-02T16:19:15+00:00", "listing_sequence": 1, "listed_duration_minutes":
        120, "has_shared_results": false}], "defence_counsels": [{"title": null, "first_name":
        null, "middle_name": null, "last_name": null, "status": null, "attendance_days":
        null, "defendants": null}]}], "overall_defendants": [{"id": "3797ee37-cd75-4250-a3bf-b0bfbca4a3f3",
        "first_name": "Jorge", "middle_name": "Pacocha", "last_name": "McClure", "arrest_summons_number":
        "ZFRTWZ8DE3F9", "date_of_birth": "2004-09-11", "national_insurance_number":
        "BK351556C", "maat_reference": "1234567"}, {"id": "a5084e6c-6c51-43ec-89e1-482f0135f186",
        "first_name": "Shayne", "middle_name": "Cole", "last_name": "Abbott", "arrest_summons_number":
        "ZGWYZ74MKETB", "date_of_birth": "1978-08-13", "national_insurance_number":
        "HY997349A", "maat_reference": "2345678"}, {"id": "35af3c7d-ad6c-49e8-99b5-969aa92262df",
        "first_name": "Shayla", "middle_name": "Cormier", "last_name": "Schneider",
        "arrest_summons_number": "L6QWT20K8OE8", "date_of_birth": "1984-04-15", "national_insurance_number":
        "AM857041A", "maat_reference": "Z10000001"}, {"id": "b8014abe-5655-4120-af97-89016da3ecc4",
        "first_name": "Jammy", "middle_name": "", "last_name": "Dodger", "arrest_summons_number":
        "L2V0P69BY9YK", "date_of_birth": "1987-05-21", "national_insurance_number":
        "JC123456A", "maat_reference": null}]}'
  recorded_at: Thu, 10 Apr 2025 14:08:28 GMT
- request:
    method: get
    uri: http://localhost:8000/v2/hearings/0304d126-d773-41fd-af01-83e017cecd80?date=2019-11-02
    body:
      encoding: US-ASCII
      string: ''
    headers:
      Authorization:
      - Basic <Basic>
      Accept:
      - application/json
      Content-Type:
      - application/json
      Laa-Transaction-Id:
      - 1a553052-bb3a-4f3a-934b-ccaed08326a6
      Accept-Encoding:
      - gzip;q=1.0,deflate;q=0.6,identity;q=0.3
      User-Agent:
      - Ruby
  response:
    status:
      code: 404
      message: Not Found
    headers:
      Date:
      - Thu, 10 Apr 2025 14:08:27 GMT
      Server:
      - uvicorn
      Laa-Transaction-Id:
      - 1a553052-bb3a-4f3a-934b-ccaed08326a6
      Access-Control-Expose-Headers:
      - Laa-Transaction-Id
      Cache-Control:
      - no-store
      Content-Security-Policy:
      - default-src 'self'; base-uri 'self'; img-src 'self' fastapi.tiangolo.com data:;
        style-src 'self' cdn.jsdelivr.net 'unsafe-inline'; script-src 'self' cdn.jsdelivr.net
        'unsafe-inline'
      Strict-Transport-Security:
      - includeSubDomains; preload; max-age=2592000
      Referrer-Policy:
      - no-referrer
      X-Frame-Options:
      - SAMEORIGIN
      Transfer-Encoding:
      - chunked
    body:
      encoding: UTF-8
      string: ''
  recorded_at: Thu, 10 Apr 2025 14:08:28 GMT
- request:
    method: get
    uri: http://localhost:8000/v2/hearings/0304d126-d773-41fd-af01-83e017cecd80/hearing_events?date=2019-11-02
    body:
      encoding: US-ASCII
      string: ''
    headers:
      Authorization:
      - Basic <Basic>
      Accept:
      - application/json
      Content-Type:
      - application/json
      Laa-Transaction-Id:
      - 1a553052-bb3a-4f3a-934b-ccaed08326a6
      Accept-Encoding:
      - gzip;q=1.0,deflate;q=0.6,identity;q=0.3
      User-Agent:
      - Ruby
  response:
    status:
      code: 200
      message: OK
    headers:
      Date:
      - Thu, 10 Apr 2025 14:08:27 GMT
      Server:
      - uvicorn
      Content-Length:
      - '62'
      Content-Type:
      - application/json; charset=utf-8
      Laa-Transaction-Id:
      - 1a553052-bb3a-4f3a-934b-ccaed08326a6
      Access-Control-Expose-Headers:
      - Laa-Transaction-Id
      Cache-Control:
      - no-store
      Content-Security-Policy:
      - default-src 'self'; base-uri 'self'; img-src 'self' fastapi.tiangolo.com data:;
        style-src 'self' cdn.jsdelivr.net 'unsafe-inline'; script-src 'self' cdn.jsdelivr.net
        'unsafe-inline'
      Strict-Transport-Security:
      - includeSubDomains; preload; max-age=2592000
      Referrer-Policy:
      - no-referrer
      X-Frame-Options:
      - SAMEORIGIN
    body:
      encoding: UTF-8
      string: '{"hearing_id": null, "has_active_hearing": null, "events": []}'
  recorded_at: Thu, 10 Apr 2025 14:08:28 GMT
- request:
    method: get
    uri: http://localhost:8000/v2/hearings/0304d126-d773-41fd-af01-83e017cecd80?date=2019-10-27
    body:
      encoding: US-ASCII
      string: ''
    headers:
      Authorization:
      - Basic <Basic>
      Accept:
      - application/json
      Content-Type:
      - application/json
      Laa-Transaction-Id:
      - 78babb53-15e3-4981-8c32-eeb80f677dc0
      Accept-Encoding:
      - gzip;q=1.0,deflate;q=0.6,identity;q=0.3
      User-Agent:
      - Ruby
  response:
    status:
      code: 404
      message: Not Found
    headers:
      Date:
      - Thu, 10 Apr 2025 14:10:07 GMT
      Server:
      - uvicorn
      Laa-Transaction-Id:
      - 78babb53-15e3-4981-8c32-eeb80f677dc0
      Access-Control-Expose-Headers:
      - Laa-Transaction-Id
      Cache-Control:
      - no-store
      Content-Security-Policy:
      - default-src 'self'; base-uri 'self'; img-src 'self' fastapi.tiangolo.com data:;
        style-src 'self' cdn.jsdelivr.net 'unsafe-inline'; script-src 'self' cdn.jsdelivr.net
        'unsafe-inline'
      Strict-Transport-Security:
      - includeSubDomains; preload; max-age=2592000
      Referrer-Policy:
      - no-referrer
      X-Frame-Options:
      - SAMEORIGIN
      Transfer-Encoding:
      - chunked
    body:
      encoding: UTF-8
      string: ''
  recorded_at: Thu, 10 Apr 2025 14:10:07 GMT
- request:
    method: get
    uri: http://localhost:8000/v2/hearings/0304d126-d773-41fd-af01-83e017cecd80/hearing_events?date=2019-10-27
    body:
      encoding: US-ASCII
      string: ''
    headers:
      Authorization:
      - Basic <Basic>
      Accept:
      - application/json
      Content-Type:
      - application/json
      Laa-Transaction-Id:
      - 78babb53-15e3-4981-8c32-eeb80f677dc0
      Accept-Encoding:
      - gzip;q=1.0,deflate;q=0.6,identity;q=0.3
      User-Agent:
      - Ruby
  response:
    status:
      code: 200
      message: OK
    headers:
      Date:
      - Thu, 10 Apr 2025 14:10:07 GMT
      Server:
      - uvicorn
      Content-Length:
      - '62'
      Content-Type:
      - application/json; charset=utf-8
      Laa-Transaction-Id:
      - 78babb53-15e3-4981-8c32-eeb80f677dc0
      Access-Control-Expose-Headers:
      - Laa-Transaction-Id
      Cache-Control:
      - no-store
      Content-Security-Policy:
      - default-src 'self'; base-uri 'self'; img-src 'self' fastapi.tiangolo.com data:;
        style-src 'self' cdn.jsdelivr.net 'unsafe-inline'; script-src 'self' cdn.jsdelivr.net
        'unsafe-inline'
      Strict-Transport-Security:
      - includeSubDomains; preload; max-age=2592000
      Referrer-Policy:
      - no-referrer
      X-Frame-Options:
      - SAMEORIGIN
    body:
      encoding: UTF-8
      string: '{"hearing_id": null, "has_active_hearing": null, "events": []}'
  recorded_at: Thu, 10 Apr 2025 14:10:07 GMT
recorded_with: VCR 6.3.1
